../Core/Src/main.c:100:6:PWM	16	static
../Core/Src/main.c:121:5:main	8	static
../Core/Src/main.c:178:6:SystemClock_Config	88	static
../Core/Src/main.c:225:13:MX_ADC1_Init	24	static
../Core/Src/main.c:272:13:MX_TIM1_Init	96	static
../Core/Src/main.c:347:13:MX_TIM2_Init	48	static
../Core/Src/main.c:396:13:MX_TIM3_Init	64	static
../Core/Src/main.c:455:13:MX_TIM4_Init	64	static
../Core/Src/main.c:514:13:MX_USART3_UART_Init	8	static
../Core/Src/main.c:545:13:MX_DMA_Init	16	static
../Core/Src/main.c:563:13:MX_GPIO_Init	40	static
../Core/Src/main.c:607:6:Error_Handler	4	static,ignoring_inline_asm
